// Bun Snapshot v1, https://goo.gl/fbAQLP

exports[`Auth getRegistrationOptions should return registration options 1`] = `
{
  "attestation": "none",
  "authenticatorSelection": {
    "requireResidentKey": false,
    "residentKey": "preferred",
    "userVerification": "preferred",
  },
  "challenge": "HzV6dk2zkmcZZ9bwSgQXrN2leMGLzFWKmCjx-bnE6vc",
  "excludeCredentials": [],
  "extensions": {
    "credProps": true,
  },
  "pubKeyCredParams": [
    {
      "alg": -8,
      "type": "public-key",
    },
    {
      "alg": -7,
      "type": "public-key",
    },
    {
      "alg": -257,
      "type": "public-key",
    },
  ],
  "rp": {
    "id": "localhost",
    "name": "localhost",
  },
  "timeout": 60000,
  "user": {
    "displayName": "bob",
    "id": "123",
    "name": "bob",
  },
}
`;
