// Bun Snapshot v1, https://goo.gl/fbAQLP

exports[`HTML Template Service should render a template 1`] = `
"<html lang="en">
  <head>
    <meta charset="UTF-8" />
  </head>
  <body>
    <h1>Thanks for signing up for mproc!</h1>
    <p>I'm excited to have you on board! I'll let you know when we're ready to
      launch.</p>
    <p>Feel free to follow and DM me on
      <a href="https://twitter.com/realaustinfay" target="_blank">X (Twitter)</a>.
      It would mean a lot to me!</p>
    <p>Gratefully,<br />Austin</p>
    <p>PS: Feel free to respond to this email. I'll receive it and get back to
      you!</p>
  </body>
</html>"
`;
